**********************************************************************
** Visual Studio 2022 Developer Command Prompt v17.0
** Copyright (c) 2025 Microsoft Corporation
**********************************************************************
[vcvarsall.bat] Environment initialized for: 'x64'
-- Running vcpkg install
warning: attempting to set builtin-baseline in vcpkg.json while overriding the default-registry in vcpkg-configuration.json.
the default-registry from vcpkg-configuration.json will be used.
Fetching registry information from https://gitlab.com/colorglass/vcpkg-colorglass (HEAD)...
Fetching registry information from https://github.com/microsoft/vcpkg (HEAD)...
Detecting compiler hash for triplet x64-windows...
Compiler found: C:/Program Files (x86)/Microsoft Visual Studio/2022/BuildTools/VC/Tools/MSVC/14.44.35207/bin/Hostx64/x64/cl.exe
Detecting compiler hash for triplet x64-windows-static-md...
Compiler found: C:/Program Files (x86)/Microsoft Visual Studio/2022/BuildTools/VC/Tools/MSVC/14.44.35207/bin/Hostx64/x64/cl.exe
The following packages will be built and installed:
    commonlibsse-ng:x64-windows-static-md@3.7.0 -- git+https://gitlab.com/colorglass/vcpkg-colorglass@c5a8904f86744b3b15f97fea64bce897eb3d9c2e
  * fmt:x64-windows-static-md@12.2.0 -- git+https://github.com/microsoft/vcpkg@823af43db9df2c4be15c4331b36b3cc419afa02c
  * rapidcsv:x64-windows-static-md@8.99 -- git+https://github.com/microsoft/vcpkg@16013fe8f02522b49064d1170099b921e1d476ac
  * spdlog[core,fmt,tz-offset]:x64-windows-static-md@1.17.0#1 -- git+https://github.com/microsoft/vcpkg@c42bb1e74ab55b299d7fe52e68d0ab7b5dee165c
  * vcpkg-cmake:x64-windows@2024-04-23 -- git+https://github.com/microsoft/vcpkg@e74aa1e8f93278a8e71372f1fa08c3df420eb840
  * vcpkg-cmake-config:x64-windows@2024-05-23 -- git+https://github.com/microsoft/vcpkg@97a63e4bc1a17422ffe4eff71da53b4b561a7841
  * xbyak:x64-windows-static-md@7.28 -- git+https://github.com/microsoft/vcpkg@fe843e85888a7fa80dddd77627ee4f0572fbd9b4
Additional packages (*) will be modified to complete this operation.
Restored 2 package(s) from C:\Users\dstNr\AppData\Local\vcpkg\archives in 24 ms. Use --debug to see more details.
Installing 1/7 vcpkg-cmake-config:x64-windows@2024-05-23...
vcpkg-cmake-config:x64-windows@2024-05-23 package ABI: 98afe6c8a165d2bcaa637117fa765403e148e9bd9f8ce8bbc249dc25b2fbc060
Elapsed time to handle vcpkg-cmake-config:x64-windows: 25.3 ms
Installing 2/7 vcpkg-cmake:x64-windows@2024-04-23...
vcpkg-cmake:x64-windows@2024-04-23 package ABI: ea0531ad9329041f6fa59d287fab396c3970c97d85910a89c61fa3676d6050b9
Elapsed time to handle vcpkg-cmake:x64-windows: 61.6 ms
Installing 3/7 xbyak:x64-windows-static-md@7.28...
xbyak:x64-windows-static-md@7.28 package ABI: e521830e09a06b810d08b5158c93aadca0a2c0ab61fa1dae26db9708310caebf
Building xbyak:x64-windows-static-md@7.28...
C:\Users\dstNr\AppData\Local\vcpkg\registries\git-trees\fe843e85888a7fa80dddd77627ee4f0572fbd9b4: info: installing from git registry git+https://github.com/microsoft/vcpkg@fe843e85888a7fa80dddd77627ee4f0572fbd9b4
-- Using cached herumi-xbyak-v7.28.tar.gz
-- Cleaning sources at C:/Users/dstNr/vcpkg/buildtrees/xbyak/src/v7.28-a06d7369c4.clean. Use --editable to skip cleaning for the packages you specify.
-- Extracting source C:/Users/dstNr/vcpkg/downloads/herumi-xbyak-v7.28.tar.gz
-- Using source at C:/Users/dstNr/vcpkg/buildtrees/xbyak/src/v7.28-a06d7369c4.clean
-- Configuring x64-windows-static-md
-- Building x64-windows-static-md-dbg
-- Building x64-windows-static-md-rel
-- Installing: C:/Users/dstNr/vcpkg/packages/xbyak_x64-windows-static-md/share/xbyak/copyright
-- Performing post-build validation
Starting submission of xbyak:x64-windows-static-md@7.28 to 1 binary cache(s) in the background
Elapsed time to handle xbyak:x64-windows-static-md: 1.2 s
Installing 4/7 fmt:x64-windows-static-md@12.2.0...
fmt:x64-windows-static-md@12.2.0 package ABI: 235cd1545719d8f525418f0b9976088a93059288b81db41d0d4176c4b2a0f7c3
Building fmt:x64-windows-static-md@12.2.0...
C:\Users\dstNr\AppData\Local\vcpkg\registries\git-trees\823af43db9df2c4be15c4331b36b3cc419afa02c: info: installing from git registry git+https://github.com/microsoft/vcpkg@823af43db9df2c4be15c4331b36b3cc419afa02c
-- Using cached fmtlib-fmt-12.2.0.tar.gz
-- Cleaning sources at C:/Users/dstNr/vcpkg/buildtrees/fmt/src/12.2.0-16a8f6dd71.clean. Use --editable to skip cleaning for the packages you specify.
-- Extracting source C:/Users/dstNr/vcpkg/downloads/fmtlib-fmt-12.2.0.tar.gz
-- Using source at C:/Users/dstNr/vcpkg/buildtrees/fmt/src/12.2.0-16a8f6dd71.clean
-- Configuring x64-windows-static-md
-- Building x64-windows-static-md-dbg
-- Building x64-windows-static-md-rel
-- Fixing pkgconfig file: C:/Users/dstNr/vcpkg/packages/fmt_x64-windows-static-md/lib/pkgconfig/fmt.pc
-- Using cached msys2-mingw-w64-x86_64-pkgconf-1~2.5.1-1-any.pkg.tar.zst
-- Using cached msys2-msys2-runtime-3.6.5-1-x86_64.pkg.tar.zst
-- Using msys root at C:/Users/dstNr/vcpkg/downloads/tools/msys2/3e71d1f8e22ab23f
-- Fixing pkgconfig file: C:/Users/dstNr/vcpkg/packages/fmt_x64-windows-static-md/debug/lib/pkgconfig/fmt.pc
-- Installing: C:/Users/dstNr/vcpkg/packages/fmt_x64-windows-static-md/share/fmt/usage
-- Installing: C:/Users/dstNr/vcpkg/packages/fmt_x64-windows-static-md/share/fmt/copyright
-- Performing post-build validation
Starting submission of fmt:x64-windows-static-md@12.2.0 to 1 binary cache(s) in the background
Elapsed time to handle fmt:x64-windows-static-md: 2.7 s
Completed submission of xbyak:x64-windows-static-md@7.28 to 1 binary cache(s) in 55.5 ms
Installing 5/7 spdlog[core,fmt,tz-offset]:x64-windows-static-md@1.17.0#1...
spdlog[core,fmt,tz-offset]:x64-windows-static-md@1.17.0#1 package ABI: 5f41263707adfbd4dadc45b663e5d0edd94d2b6e01606747a754058fb37eb42d
Building spdlog[core,fmt,tz-offset]:x64-windows-static-md@1.17.0#1...
C:\Users\dstNr\AppData\Local\vcpkg\registries\git-trees\c42bb1e74ab55b299d7fe52e68d0ab7b5dee165c: info: installing from git registry git+https://github.com/microsoft/vcpkg@c42bb1e74ab55b299d7fe52e68d0ab7b5dee165c
-- Using cached spdlog-backport-3541.patch
-- Using cached spdlog-backport-3543.patch
-- Using cached gabime-spdlog-v1.17.0.tar.gz
-- Cleaning sources at C:/Users/dstNr/vcpkg/buildtrees/spdlog/src/v1.17.0-8a1a388e84.clean. Use --editable to skip cleaning for the packages you specify.
-- Extracting source C:/Users/dstNr/vcpkg/downloads/gabime-spdlog-v1.17.0.tar.gz
-- Applying patch C:/Users/dstNr/vcpkg/downloads/spdlog-backport-3541.patch
-- Applying patch C:/Users/dstNr/vcpkg/downloads/spdlog-backport-3543.patch
-- Using source at C:/Users/dstNr/vcpkg/buildtrees/spdlog/src/v1.17.0-8a1a388e84.clean
-- Configuring x64-windows-static-md
-- Building x64-windows-static-md-dbg
-- Building x64-windows-static-md-rel
-- Fixing pkgconfig file: C:/Users/dstNr/vcpkg/packages/spdlog_x64-windows-static-md/lib/pkgconfig/spdlog.pc
-- Using cached msys2-mingw-w64-x86_64-pkgconf-1~2.5.1-1-any.pkg.tar.zst
-- Using cached msys2-msys2-runtime-3.6.5-1-x86_64.pkg.tar.zst
-- Using msys root at C:/Users/dstNr/vcpkg/downloads/tools/msys2/3e71d1f8e22ab23f
-- Fixing pkgconfig file: C:/Users/dstNr/vcpkg/packages/spdlog_x64-windows-static-md/debug/lib/pkgconfig/spdlog.pc
-- Installing: C:/Users/dstNr/vcpkg/packages/spdlog_x64-windows-static-md/share/spdlog/usage
-- Installing: C:/Users/dstNr/vcpkg/packages/spdlog_x64-windows-static-md/share/spdlog/copyright
-- Performing post-build validation
Starting submission of spdlog[core,fmt,tz-offset]:x64-windows-static-md@1.17.0#1 to 1 binary cache(s) in the background
Elapsed time to handle spdlog:x64-windows-static-md: 4.8 s
Completed submission of fmt:x64-windows-static-md@12.2.0 to 1 binary cache(s) in 258 ms
Installing 6/7 rapidcsv:x64-windows-static-md@8.99...
rapidcsv:x64-windows-static-md@8.99 package ABI: 4ec040567c3a31f51e24a01b247f81735b31578351fe179d34c54d21064eee93
Building rapidcsv:x64-windows-static-md@8.99...
C:\Users\dstNr\AppData\Local\vcpkg\registries\git-trees\16013fe8f02522b49064d1170099b921e1d476ac: info: installing from git registry git+https://github.com/microsoft/vcpkg@16013fe8f02522b49064d1170099b921e1d476ac
-- Using cached d99kris-rapidcsv-v8.99.tar.gz
-- Cleaning sources at C:/Users/dstNr/vcpkg/buildtrees/rapidcsv/src/v8.99-fcbbd6a5ea.clean. Use --editable to skip cleaning for the packages you specify.
-- Extracting source C:/Users/dstNr/vcpkg/downloads/d99kris-rapidcsv-v8.99.tar.gz
-- Using source at C:/Users/dstNr/vcpkg/buildtrees/rapidcsv/src/v8.99-fcbbd6a5ea.clean
-- Configuring x64-windows-static-md
-- Building x64-windows-static-md-rel
-- Installing: C:/Users/dstNr/vcpkg/packages/rapidcsv_x64-windows-static-md/share/rapidcsv/copyright
-- Performing post-build validation
Starting submission of rapidcsv:x64-windows-static-md@8.99 to 1 binary cache(s) in the background
Elapsed time to handle rapidcsv:x64-windows-static-md: 958 ms
Installing 7/7 commonlibsse-ng:x64-windows-static-md@3.7.0...
commonlibsse-ng:x64-windows-static-md@3.7.0 package ABI: e2e2fd24d248f33daf6a096af638c43875d7e8a86c15c98e72363afa6828df54
Building commonlibsse-ng:x64-windows-static-md@3.7.0...
C:\Users\dstNr\AppData\Local\vcpkg\registries\git-trees\c5a8904f86744b3b15f97fea64bce897eb3d9c2e: info: installing from git registry git+https://gitlab.com/colorglass/vcpkg-colorglass@c5a8904f86744b3b15f97fea64bce897eb3d9c2e
-- Using cached CharmedBaryon-CommonLibSSE-c4ab853d095e81e3390b282d7ba01ab2f24ebf25.tar.gz
-- Cleaning sources at C:/Users/dstNr/vcpkg/buildtrees/commonlibsse-ng/src/b2f24ebf25-de85b71281.clean. Use --editable to skip cleaning for the packages you specify.
-- Extracting source C:/Users/dstNr/vcpkg/downloads/CharmedBaryon-CommonLibSSE-c4ab853d095e81e3390b282d7ba01ab2f24ebf25.tar.gz
-- Using source at C:/Users/dstNr/vcpkg/buildtrees/commonlibsse-ng/src/b2f24ebf25-de85b71281.clean
-- Configuring x64-windows-static-md
-- Building x64-windows-static-md-dbg
-- Building x64-windows-static-md-rel
-- Installing: C:/Users/dstNr/vcpkg/packages/commonlibsse-ng_x64-windows-static-md/share/CommonLibSSE/CommonLibSSE-targets-debug.cmake
-- Installing: C:/Users/dstNr/vcpkg/packages/commonlibsse-ng_x64-windows-static-md/share/CommonLibSSE/CommonLibSSE-targets-release.cmake
-- Installing: C:/Users/dstNr/vcpkg/packages/commonlibsse-ng_x64-windows-static-md/share/CommonLibSSE/CommonLibSSE-targets.cmake
-- Installing: C:/Users/dstNr/vcpkg/packages/commonlibsse-ng_x64-windows-static-md/share/CommonLibSSE/CommonLibSSEConfig.cmake
-- Installing: C:/Users/dstNr/vcpkg/packages/commonlibsse-ng_x64-windows-static-md/share/CommonLibSSE/CommonLibSSE.cmake
-- Installing: C:/Users/dstNr/vcpkg/packages/commonlibsse-ng_x64-windows-static-md/share/commonlibsse-ng/copyright
-- Performing post-build validation
Starting submission of commonlibsse-ng:x64-windows-static-md@3.7.0 to 1 binary cache(s) in the background
Elapsed time to handle commonlibsse-ng:x64-windows-static-md: 1.1 min
Installed contents are licensed to you by owners. Microsoft is not responsible for, nor does it grant any licenses to, third-party packages.
Packages installed in this vcpkg installation declare the following licenses:
BSD-3-Clause
MIT
commonlibsse-ng provides CMake targets:

  # this is heuristically generated, and may not be correct
  find_package(CommonLibSSE CONFIG REQUIRED)
  target_link_libraries(main PRIVATE CommonLibSSE::CommonLibSSE)

Completed submission of spdlog[core,fmt,tz-offset]:x64-windows-static-md@1.17.0#1 to 1 binary cache(s) in 967 ms
Completed submission of rapidcsv:x64-windows-static-md@8.99 to 1 binary cache(s) in 35.3 ms
Waiting for 1 remaining binary cache submissions...
Completed submission of commonlibsse-ng:x64-windows-static-md@3.7.0 to 1 binary cache(s) in 59 s (1/1)
All requested installations completed successfully in: 1.3 min
-- Running vcpkg install - done
-- The CXX compiler identification is MSVC 19.44.35228.0
-- Detecting CXX compiler ABI info
-- Detecting CXX compiler ABI info - done
-- Check for working CXX compiler: C:/Program Files (x86)/Microsoft Visual Studio/2022/BuildTools/VC/Tools/MSVC/14.44.35207/bin/Hostx64/x64/cl.exe - skipped
-- Detecting CXX compile features
-- Detecting CXX compile features - done
-- Performing Test CMAKE_HAVE_LIBC_PTHREAD
-- Performing Test CMAKE_HAVE_LIBC_PTHREAD - Failed
-- Looking for pthread_create in pthreads
-- Looking for pthread_create in pthreads - not found
-- Looking for pthread_create in pthread
-- Looking for pthread_create in pthread - not found
-- Found Threads: TRUE
-- Configuring done (143.2s)
-- Generating done (0.0s)
-- Build files have been written to: C:/Users/dstNr/Documents/GitHub/isekai-hero-skyrim/build
[1/5] Building CXX object CMakeFiles\IsekaiHeroSKSE.dir\cmake_pch.cxx.obj
[2/5] Building CXX object CMakeFiles\IsekaiHeroSKSE.dir\__IsekaiHeroSKSEPlugin.cpp.obj
[3/5] Building CXX object CMakeFiles\IsekaiHeroSKSE.dir\src\main.cpp.obj
[4/5] Building CXX object CMakeFiles\IsekaiHeroSKSE.dir\src\System.cpp.obj
[5/5] Linking CXX shared library IsekaiHeroSKSE.dll
C:/Users/dstNr/Documents/GitHub/isekai-hero-skyrim/build/IsekaiHeroSKSE.dll: message: deploying dependencies
BUILD_OK
